<?xml version="1.0" encoding="utf-8" ?>
<result>
	<row>
		<label>Iran</label>
		<nb_visits>3</nb_visits>
		<nb_actions>3</nb_actions>
		<max_actions>1</max_actions>
		<bounce_count>3</bounce_count>
		<nb_visits_converted>0</nb_visits_converted>
		<sum_daily_nb_uniq_visitors>3</sum_daily_nb_uniq_visitors>
		<sum_daily_nb_users>3</sum_daily_nb_users>
		<segment>countryCode==ir</segment>
		<code>ir</code>
		<logo>plugins/Morpheus/icons/dist/flags/ir.png</logo>
		<logoHeight>16</logoHeight>
	</row>
	<row>
		<label>Jamaica</label>
		<nb_visits>2</nb_visits>
		<nb_actions>2</nb_actions>
		<max_actions>1</max_actions>
		<bounce_count>2</bounce_count>
		<nb_visits_converted>0</nb_visits_converted>
		<sum_daily_nb_uniq_visitors>2</sum_daily_nb_uniq_visitors>
		<sum_daily_nb_users>2</sum_daily_nb_users>
		<segment>countryCode==jm</segment>
		<code>jm</code>
		<logo>plugins/Morpheus/icons/dist/flags/jm.png</logo>
		<logoHeight>16</logoHeight>
	</row>
	<row>
		<label>Andorra</label>
		<nb_visits>1</nb_visits>
		<nb_actions>1</nb_actions>
		<max_actions>1</max_actions>
		<bounce_count>1</bounce_count>
		<nb_visits_converted>0</nb_visits_converted>
		<sum_daily_nb_uniq_visitors>1</sum_daily_nb_uniq_visitors>
		<sum_daily_nb_users>1</sum_daily_nb_users>
		<segment>countryCode==ad</segment>
		<code>ad</code>
		<logo>plugins/Morpheus/icons/dist/flags/ad.png</logo>
		<logoHeight>16</logoHeight>
	</row>
	<row>
		<label>Bermuda</label>
		<nb_visits>1</nb_visits>
		<nb_actions>1</nb_actions>
		<max_actions>1</max_actions>
		<bounce_count>1</bounce_count>
		<nb_visits_converted>0</nb_visits_converted>
		<sum_daily_nb_uniq_visitors>1</sum_daily_nb_uniq_visitors>
		<sum_daily_nb_users>1</sum_daily_nb_users>
		<segment>countryCode==bm</segment>
		<code>bm</code>
		<logo>plugins/Morpheus/icons/dist/flags/bm.png</logo>
		<logoHeight>16</logoHeight>
	</row>
	<row>
		<label>China</label>
		<nb_visits>1</nb_visits>
		<nb_actions>1</nb_actions>
		<max_actions>1</max_actions>
		<bounce_count>1</bounce_count>
		<nb_visits_converted>0</nb_visits_converted>
		<sum_daily_nb_uniq_visitors>1</sum_daily_nb_uniq_visitors>
		<sum_daily_nb_users>1</sum_daily_nb_users>
		<segment>countryCode==cn</segment>
		<code>cn</code>
		<logo>plugins/Morpheus/icons/dist/flags/cn.png</logo>
		<logoHeight>16</logoHeight>
	</row>
	<row>
		<label>Greece</label>
		<nb_visits>1</nb_visits>
		<nb_actions>1</nb_actions>
		<max_actions>1</max_actions>
		<bounce_count>1</bounce_count>
		<nb_visits_converted>0</nb_visits_converted>
		<sum_daily_nb_uniq_visitors>1</sum_daily_nb_uniq_visitors>
		<sum_daily_nb_users>1</sum_daily_nb_users>
		<segment>countryCode==gr</segment>
		<code>gr</code>
		<logo>plugins/Morpheus/icons/dist/flags/gr.png</logo>
		<logoHeight>16</logoHeight>
	</row>
	<row>
		<label>United Kingdom</label>
		<nb_visits>1</nb_visits>
		<nb_actions>1</nb_actions>
		<max_actions>1</max_actions>
		<bounce_count>1</bounce_count>
		<nb_visits_converted>0</nb_visits_converted>
		<sum_daily_nb_uniq_visitors>1</sum_daily_nb_uniq_visitors>
		<sum_daily_nb_users>1</sum_daily_nb_users>
		<segment>countryCode==gb</segment>
		<code>gb</code>
		<logo>plugins/Morpheus/icons/dist/flags/gb.png</logo>
		<logoHeight>16</logoHeight>
	</row>
	<row>
		<label>Unknown</label>
		<nb_visits>1</nb_visits>
		<nb_actions>1</nb_actions>
		<max_actions>1</max_actions>
		<bounce_count>1</bounce_count>
		<nb_visits_converted>0</nb_visits_converted>
		<sum_daily_nb_uniq_visitors>1</sum_daily_nb_uniq_visitors>
		<sum_daily_nb_users>1</sum_daily_nb_users>
		<code />
		<logo>plugins/Morpheus/icons/dist/flags/xx.png</logo>
		<logoHeight>16</logoHeight>
	</row>
</result>