<?xml version="1.0" encoding="utf-8" ?>
<result>
	<row>
		<label>Japan</label>
		<nb_visits>15</nb_visits>
		<nb_actions>18</nb_actions>
		<max_actions>3</max_actions>
		<sum_visit_length>305</sum_visit_length>
		<bounce_count>13</bounce_count>
		<goals>
			<row idgoal='1'>
				<nb_conversions>14</nb_conversions>
				<nb_visits_converted>14</nb_visits_converted>
				<revenue>70</revenue>
			</row>
		</goals>
		<nb_conversions>14</nb_conversions>
		<revenue>70</revenue>
		<sum_daily_nb_uniq_visitors>15</sum_daily_nb_uniq_visitors>
		<sum_daily_nb_users>0</sum_daily_nb_users>
		<segment>countryCode==jp</segment>
		<code>jp</code>
		<logo>plugins/Morpheus/icons/dist/flags/jp.png</logo>
		<logoHeight>16</logoHeight>
	</row>
	<row>
		<label>United States</label>
		<nb_visits>11</nb_visits>
		<nb_actions>14</nb_actions>
		<max_actions>3</max_actions>
		<sum_visit_length>4</sum_visit_length>
		<bounce_count>9</bounce_count>
		<goals>
			<row idgoal='1'>
				<nb_conversions>11</nb_conversions>
				<nb_visits_converted>11</nb_visits_converted>
				<revenue>55</revenue>
			</row>
		</goals>
		<nb_conversions>11</nb_conversions>
		<revenue>55</revenue>
		<sum_daily_nb_uniq_visitors>9</sum_daily_nb_uniq_visitors>
		<sum_daily_nb_users>2</sum_daily_nb_users>
		<segment>countryCode==us</segment>
		<code>us</code>
		<logo>plugins/Morpheus/icons/dist/flags/us.png</logo>
		<logoHeight>16</logoHeight>
	</row>
	<row>
		<label>Unknown</label>
		<nb_visits>9</nb_visits>
		<nb_actions>10</nb_actions>
		<max_actions>2</max_actions>
		<sum_visit_length>242</sum_visit_length>
		<bounce_count>8</bounce_count>
		<goals>
			<row idgoal='1'>
				<nb_conversions>7</nb_conversions>
				<nb_visits_converted>7</nb_visits_converted>
				<revenue>35</revenue>
			</row>
		</goals>
		<nb_conversions>7</nb_conversions>
		<revenue>35</revenue>
		<sum_daily_nb_uniq_visitors>9</sum_daily_nb_uniq_visitors>
		<sum_daily_nb_users>1</sum_daily_nb_users>
		<nb_visits_converted>0</nb_visits_converted>
		<segment>countryCode==xx</segment>
		<code>xx</code>
		<logo>plugins/Morpheus/icons/dist/flags/xx.png</logo>
		<logoHeight>16</logoHeight>
	</row>
	<row>
		<label>Brazil</label>
		<nb_visits>3</nb_visits>
		<nb_actions>3</nb_actions>
		<max_actions>1</max_actions>
		<sum_visit_length>0</sum_visit_length>
		<bounce_count>3</bounce_count>
		<goals>
			<row idgoal='1'>
				<nb_conversions>3</nb_conversions>
				<nb_visits_converted>3</nb_visits_converted>
				<revenue>15</revenue>
			</row>
		</goals>
		<nb_conversions>3</nb_conversions>
		<revenue>15</revenue>
		<sum_daily_nb_uniq_visitors>3</sum_daily_nb_uniq_visitors>
		<sum_daily_nb_users>0</sum_daily_nb_users>
		<segment>countryCode==br</segment>
		<code>br</code>
		<logo>plugins/Morpheus/icons/dist/flags/br.png</logo>
		<logoHeight>16</logoHeight>
	</row>
	<row>
		<label>Singapore</label>
		<nb_visits>3</nb_visits>
		<nb_actions>3</nb_actions>
		<max_actions>1</max_actions>
		<sum_visit_length>0</sum_visit_length>
		<bounce_count>3</bounce_count>
		<goals>
			<row idgoal='1'>
				<nb_conversions>3</nb_conversions>
				<nb_visits_converted>3</nb_visits_converted>
				<revenue>15</revenue>
			</row>
		</goals>
		<nb_conversions>3</nb_conversions>
		<revenue>15</revenue>
		<sum_daily_nb_uniq_visitors>3</sum_daily_nb_uniq_visitors>
		<sum_daily_nb_users>0</sum_daily_nb_users>
		<segment>countryCode==sg</segment>
		<code>sg</code>
		<logo>plugins/Morpheus/icons/dist/flags/sg.png</logo>
		<logoHeight>16</logoHeight>
	</row>
	<row>
		<label>Australia</label>
		<nb_visits>1</nb_visits>
		<nb_actions>1</nb_actions>
		<max_actions>1</max_actions>
		<sum_visit_length>0</sum_visit_length>
		<bounce_count>1</bounce_count>
		<nb_visits_converted>0</nb_visits_converted>
		<sum_daily_nb_uniq_visitors>1</sum_daily_nb_uniq_visitors>
		<sum_daily_nb_users>0</sum_daily_nb_users>
		<segment>countryCode==au</segment>
		<code>au</code>
		<logo>plugins/Morpheus/icons/dist/flags/au.png</logo>
		<logoHeight>16</logoHeight>
	</row>
	<row>
		<label>Canada</label>
		<nb_visits>1</nb_visits>
		<nb_actions>1</nb_actions>
		<max_actions>1</max_actions>
		<sum_visit_length>0</sum_visit_length>
		<bounce_count>1</bounce_count>
		<goals>
			<row idgoal='1'>
				<nb_conversions>1</nb_conversions>
				<nb_visits_converted>1</nb_visits_converted>
				<revenue>5</revenue>
			</row>
		</goals>
		<nb_conversions>1</nb_conversions>
		<revenue>5</revenue>
		<sum_daily_nb_uniq_visitors>1</sum_daily_nb_uniq_visitors>
		<sum_daily_nb_users>0</sum_daily_nb_users>
		<segment>countryCode==ca</segment>
		<code>ca</code>
		<logo>plugins/Morpheus/icons/dist/flags/ca.png</logo>
		<logoHeight>16</logoHeight>
	</row>
	<row>
		<label>South Korea</label>
		<nb_visits>1</nb_visits>
		<nb_actions>1</nb_actions>
		<max_actions>1</max_actions>
		<sum_visit_length>0</sum_visit_length>
		<bounce_count>1</bounce_count>
		<goals>
			<row idgoal='1'>
				<nb_conversions>1</nb_conversions>
				<nb_visits_converted>1</nb_visits_converted>
				<revenue>5</revenue>
			</row>
		</goals>
		<nb_conversions>1</nb_conversions>
		<revenue>5</revenue>
		<sum_daily_nb_uniq_visitors>1</sum_daily_nb_uniq_visitors>
		<sum_daily_nb_users>0</sum_daily_nb_users>
		<segment>countryCode==kr</segment>
		<code>kr</code>
		<logo>plugins/Morpheus/icons/dist/flags/kr.png</logo>
		<logoHeight>16</logoHeight>
	</row>
</result>